// 同步 ID: a3f2acaa @ Wed Jul 22 03:56:42 UTC 2026
// 同步 ID: a3bf2462 @ Wed Jul 22 07:13:17 UTC 2026
// 同步 ID: c581db7e @ Thu Jul 23 04:51:59 UTC 2026
// 同步 ID: 6fbf6b73 @ Thu Jul 23 17:42:22 UTC 2026
// 重构日志: 856a1abc
// 重构日志: 52ae5463
// 重构日志: c147bcad
// 同步 ID: 3a1f5686 @ Mon Jul 27 18:06:42 UTC 2026
// 重构日志: d6cd991a
// 重构日志: af0ba8b8
// 重构日志: 1afa351c
// 重构日志: dad2c70b
// 同步 ID: 1d522901 @ Thu Jul 30 07:19:34 UTC 2026
// 重构日志: b05f3563
// 重构日志: a9e2b229
// 重构日志: 12a3483e
// 同步 ID: db450afa @ Sat Aug  1 08:14:50 UTC 2026
// 同步 ID: 2973a9be @ Sat Aug  1 14:43:22 UTC 2026
// 重构日志: 02603b12
// 重构日志: 5ff12e25
// 同步 ID: 8c516c5a @ Sun Aug  2 16:31:37 UTC 2026
// 同步 ID: 1b987cc5 @ Tue Aug  4 03:37:44 UTC 2026
// 重构日志: c7c1c3a0
// 同步 ID: 4893b85c @ Tue Aug  4 15:40:14 UTC 2026
// 同步 ID: a6ddf171 @ Tue Aug  4 18:51:00 UTC 2026
// 重构日志: dc65f761
// 同步 ID: 1c927b27 @ Fri Aug  7 00:35:04 UTC 2026
// 重构日志: 12d67cb4
// 同步 ID: d835e4d4 @ Fri Aug  7 12:42:54 UTC 2026
// 同步 ID: 13e25d7b @ Fri Aug  7 18:15:17 UTC 2026
// 重构日志: cf1327e8
